------------------------------------------------------------
Timing Analyzer Summary
------------------------------------------------------------

Type  : Slow 1100mV 85C Model Setup 'clock'
Slack : -4.192
TNS   : -275.406

Type  : Slow 1100mV 85C Model Hold 'clock'
Slack : 0.281
TNS   : 0.000

Type  : Slow 1100mV 85C Model Minimum Pulse Width 'clock'
Slack : -2.636
TNS   : -130.926

Type  : Slow 1100mV 0C Model Setup 'clock'
Slack : -4.341
TNS   : -277.814

Type  : Slow 1100mV 0C Model Hold 'clock'
Slack : 0.259
TNS   : 0.000

Type  : Slow 1100mV 0C Model Minimum Pulse Width 'clock'
Slack : -2.636
TNS   : -133.909

Type  : Fast 1100mV 85C Model Setup 'clock'
Slack : -1.595
TNS   : -82.295

Type  : Fast 1100mV 85C Model Hold 'clock'
Slack : 0.151
TNS   : 0.000

Type  : Fast 1100mV 85C Model Minimum Pulse Width 'clock'
Slack : -2.174
TNS   : -51.952

Type  : Fast 1100mV 0C Model Setup 'clock'
Slack : -1.468
TNS   : -69.568

Type  : Fast 1100mV 0C Model Hold 'clock'
Slack : 0.134
TNS   : 0.000

Type  : Fast 1100mV 0C Model Minimum Pulse Width 'clock'
Slack : -2.174
TNS   : -52.112

------------------------------------------------------------
