------------------------------------------------------------
Timing Analyzer Summary
------------------------------------------------------------

Type  : Slow 1100mV 85C Model Setup 'clock'
Slack : -2.975
TNS   : -134.397

Type  : Slow 1100mV 85C Model Hold 'clock'
Slack : 0.397
TNS   : 0.000

Type  : Slow 1100mV 85C Model Recovery 'clock'
Slack : -1.001
TNS   : -3.996

Type  : Slow 1100mV 85C Model Removal 'clock'
Slack : 0.975
TNS   : 0.000

Type  : Slow 1100mV 85C Model Minimum Pulse Width 'clock'
Slack : -2.636
TNS   : -90.446

Type  : Slow 1100mV 0C Model Setup 'clock'
Slack : -3.141
TNS   : -132.924

Type  : Slow 1100mV 0C Model Hold 'clock'
Slack : 0.379
TNS   : 0.000

Type  : Slow 1100mV 0C Model Recovery 'clock'
Slack : -0.989
TNS   : -3.946

Type  : Slow 1100mV 0C Model Removal 'clock'
Slack : 0.933
TNS   : 0.000

Type  : Slow 1100mV 0C Model Minimum Pulse Width 'clock'
Slack : -2.636
TNS   : -92.689

Type  : Fast 1100mV 85C Model Setup 'clock'
Slack : -1.057
TNS   : -29.727

Type  : Fast 1100mV 85C Model Hold 'clock'
Slack : 0.179
TNS   : 0.000

Type  : Fast 1100mV 85C Model Recovery 'clock'
Slack : 0.137
TNS   : 0.000

Type  : Fast 1100mV 85C Model Removal 'clock'
Slack : 0.440
TNS   : 0.000

Type  : Fast 1100mV 85C Model Minimum Pulse Width 'clock'
Slack : -2.174
TNS   : -36.891

Type  : Fast 1100mV 0C Model Setup 'clock'
Slack : -1.000
TNS   : -23.405

Type  : Fast 1100mV 0C Model Hold 'clock'
Slack : 0.169
TNS   : 0.000

Type  : Fast 1100mV 0C Model Recovery 'clock'
Slack : 0.190
TNS   : 0.000

Type  : Fast 1100mV 0C Model Removal 'clock'
Slack : 0.399
TNS   : 0.000

Type  : Fast 1100mV 0C Model Minimum Pulse Width 'clock'
Slack : -2.174
TNS   : -36.958

------------------------------------------------------------
